// Jest Snapshot v1, https://goo.gl/fbAQLP

exports[`Pruebas en <ComponentTest/> debe de mostrar <ComponentTest/> correctamente 1`] = `
<Fragment>
  <h1>
    Hola soy Raquel
  </h1>
  <p>
    Soy un subtitulo
  </p>
</Fragment>
`;
